  bit   perc perc perc  query     position in query     matching       repeat          position in repeat
score   div. del. ins.  sequence  begin end    (left)   repeat         class/family  begin  end    (left)  ID

   63   13.9  0.0  0.0  chrM       4329  4400 (12169) C tRNA-Gln-CAA_v tRNA             (0)     72      1   1  
   13   15.4  6.7  2.1  chrM      16205 16249   (320) + (CAACTAT)n     Simple_repeat      1     47    (0)   2  
