  bit   perc perc perc  query     position in query                 matching        repeat               position in repeat
score   div. del. ins.  sequence  begin     end            (left)   repeat          class/family      begin   end    (left)     ID

   42    0.0  0.0  0.0  chrX          10001     10038 (156030857) + (CTAACC)n       Simple_repeat           1     38    (0)      1
  387   10.7  3.1  8.1  chrX          10042     10428 (156030467) + LTR12E          LTR/ERV1              954   1322    (0)      2
  516    7.9  0.4  0.0  chrX          11800     12270 (156028625) + LTR6B           LTR/ERV1                1    473   (85)      3
  398   11.0  3.1  0.9  chrX          12291     12704 (156028191) + LTR2C           LTR/ERV1                1    423   (78)      4
   18    9.4  0.0  5.6  chrX          12780     12817 (156028078) + (TAACCC)n       Simple_repeat           1     36    (0)      5
   37    6.4  0.0  2.0  chrX          12965     13016 (156027879) + (CCTC)n         Simple_repeat           1     51    (0)      6
  155   18.8  1.6 13.0  chrX          13017     13271 (156027624) C AluSg           SINE/Alu             (20)    290     62      7
   73   31.1  3.4 28.6  chrX          14909     15164 (156025731) C MLT1A           LTR/ERVL-MaLR       (134)    294     37      8
  242   13.5  0.6 11.6  chrX          15165     15185 (156025710) + AluSq2          SINE/Alu                1     17  (296)      9
  338    4.8  0.0  4.7  chrX          15188     15499 (156025396) C AluYk3          SINE/Alu             (12)    299      2     10
  242   13.5  0.6 11.6  chrX          15500     15666 (156025229) + AluSq2          SINE/Alu               18    165  (148)      9
  482   11.8  2.2  2.2  chrX          15667     16167 (156024728) + LTR2C           LTR/ERV1                1    501    (0)     11
  242   13.5  0.6 11.6  chrX          16168     16313 (156024582) + AluSq2          SINE/Alu              166    301   (12)      9
   17   16.7  0.0  0.0  chrX          16314     16355 (156024540) C MLT1A           LTR/ERVL-MaLR       (354)     42      1      8
   16   12.7  0.0  5.6  chrX          16477     16514 (156024381) + (TAACCC)n       Simple_repeat           1     36    (0)     12
   28    3.3  0.0  0.0  chrX          16666     16696 (156024199) + (CCTC)n         Simple_repeat           1     31    (0)     13
  176   16.8  1.9  1.9  chrX          16697     16902 (156023993) C AluJb           SINE/Alu             (20)    292     87     14
   18   24.1  6.6  2.1  chrX          19752     19842 (156021053) + (CCCGCGG)n      Simple_repeat           1     95    (0)     15
   16   14.6  2.5  2.5  chrX          20038     20043 (156020852) + (GGCGC)n        Simple_repeat           1     39    (0)     16
   18   13.4  0.0  0.0  chrX          20044     20076 (156020819) + (GCGGG)n        Simple_repeat           1     33    (0)     17
   22   11.0  0.0  2.5  chrX          20077     20117 (156020778) + (CCCT)n         Simple_repeat           1     40    (0)     18
   74   28.1 13.4  0.0  chrX          20126     20349 (156020546) C L1MB3           LINE/L1               (0)   6183   5930     19
   30   36.4  1.3  0.6  chrX          20860     21012 (156019883) + MIR             SINE/MIR               10    163   (99)     20
  147   22.1 14.6  6.9  chrX          21013     21348 (156019547) C MLT1B           LTR/ERVL-MaLR         (0)    390     31     21
   37   25.3  0.0  1.2  chrX          21347     21430 (156019465) + MLT1C           LTR/ERVL-MaLR         380    462    (5)     22 *
   13   35.5  3.6  0.0  chrX          21474     21583 (156019312) + L1MC4           LINE/L1              7927   8040    (2)     23
  341    7.6  0.0  0.0  chrX          21591     21894 (156019001) + AluY            SINE/Alu                1    304    (7)     24
   31   34.5  2.6  4.0  chrX          21902     22052 (156018843) + Charlie19a      DNA/hAT-Charlie        83    231  (155)     25 *
  204   22.2  4.6  0.2  chrX          22047     22514 (156018381) + L1MB2           LINE/L1              5101   5598  (573)     26
  302    9.7  0.4  0.0  chrX          22528     22806 (156018089) + AluSg           SINE/Alu                1    280   (30)     27
  133   19.5  1.7  0.0  chrX          22837     23010 (156017885) + AluSx3          SINE/Alu              127    303    (8)     28
   65   19.1  1.1  0.0  chrX          23064     23157 (156017738) + FLAM_C          SINE/Alu               39    133   (10)     29
   82   23.0  1.3  1.9  chrX          23164     23318 (156017577) + L1MB2           LINE/L1              5603   5756  (415)     26
  295    9.4  2.3  0.0  chrX          23324     23587 (156017308) + LTR2C           LTR/ERV1                2    271  (230)     30
  162    5.6  0.0  0.0  chrX          23588     23729 (156017166) + AluY            SINE/Alu                1    142  (169)     31
  346    6.0  0.0  0.0  chrX          23733     24034 (156016861) + AluYm1          SINE/Alu                1    302    (9)     32
  214   10.7  0.0  0.8  chrX          24036     24278 (156016617) + LTR2C           LTR/ERV1              260    500    (1)     30
  246   21.7  6.4  1.5  chrX          24280     24627 (156016268) + L1MB2           LINE/L1              5758   6124   (47)     26
