  bit   perc perc perc  query     position in query              matching        repeat              position in repeat
score   div. del. ins.  sequence  begin    end          (left)   repeat          class/family      begin  end    (left)    ID

  337    5.6  0.0  0.3  chrY       2781480  2781784 (54445631) + AluY            SINE/Alu               1    304    (7)     1
  194   13.7  0.0  1.3  chrY       2781789  2782017 (54445398) + PABL_A          LTR/ERV1             433    658    (2)     2
   75   30.0  5.5  0.0  chrY       2782041  2782240 (54445175) C MER67C          LTR/ERV1           (467)    244     34     3
  148   27.9 26.2  0.7  chrY       2782604  2782983 (54444432) + L1ME2           LINE/L1             5464   5944  (220)     4
  326    7.8  0.3  0.0  chrY       2782984  2783278 (54444137) + AluY            SINE/Alu               2    297   (14)     5
   61   33.6 12.2  3.5  chrY       2783282  2783477 (54443938) + L1ME2           LINE/L1             5945   6152   (12)     4
   45   33.8  4.1 34.0  chrY       2783766  2783837 (54443578) C MIR             SINE/MIR             (0)    262    204     6
  339    8.5  0.3  0.0  chrY       2783840  2784144 (54443271) C AluYk3          SINE/Alu             (5)    306      1     7
   51   30.9  6.7 18.4  chrY       2784145  2784406 (54443009) C MIRb            SINE/MIR            (59)    209      4     6
   47   33.6  2.3  1.8  chrY       2784552  2784722 (54442693) + L1M5            LINE/L1             5584   5767  (475)     8
   58   23.5  2.0  0.0  chrY       2784752  2784853 (54442562) + U6              snRNA                  4    107    (0)     9
  132   25.4  2.5  0.7  chrY       2784854  2785127 (54442288) + L1MA8           LINE/L1             5959   6237   (54)    10
   32   27.7  7.7  4.4  chrY       2785139  2785210 (54442205) + L1M5            LINE/L1             5855   5926  (238)     8
  335   15.3 10.1  5.8  chrY       2785211  2785676 (54441739) C MER31A          LTR/ERV1             (0)    485      1    11
   32   26.5  8.1  4.1  chrY       2785677  2785746 (54441669) + L1M5            LINE/L1             5927   5997  (167)     8
   85   29.4 23.8  3.6  chrY       2786317  2786644 (54440771) C LTR37A          LTR/ERV1             (2)    424     33    12
  165   23.0  0.8  0.8  chrY       2789096  2789362 (54438053) + L1MB5           LINE/L1             5831   6097   (77)    13
   18   30.8  7.5  1.4  chrY       2790612  2790678 (54436737) + L2a             LINE/L2             3350   3444   (20)    14
   13    4.2  0.0 10.7  chrY       2791340  2791370 (54436045) + (AAATG)n        Simple_repeat          1     28    (0)    15
   22   20.9  4.4  0.0  chrY       2791806  2791896 (54435519) + L1M4            LINE/L1             5095   5189  (957)    16
   80   26.5  3.5  1.7  chrY       2794069  2794237 (54433178) C MER39           LTR/ERV1             (7)    700    529    17
   58   12.0  0.0  0.0  chrY       2794245  2794319 (54433096) C AluSq2          SINE/Alu            (17)    296    222    18
  230   17.0  5.5  1.0  chrY       2794322  2794612 (54432803) C LTR47B4         LTR/ERVL           (130)    304      1    19
   15   31.1  0.0  2.2  chrY       2794613  2794692 (54432723) C MER4B-int       LTR/ERV1           (684)   6074   5997    20 *
   72   26.3 25.9  1.6  chrY       2794617  2794817 (54432598) C ERVL47-int      LTR/ERVL             (4)   5242   4994    19 *
  480   33.4  7.6  2.9  chrY       2794760  2795629 (54431786) C PABL_B-int      LTR/ERV1           (300)   6822   5922    21
  292   14.1  0.0  0.3  chrY       2795631  2795955 (54431460) C AluSc           SINE/Alu             (0)    309      1    22
  480   34.6  7.3  2.9  chrY       2795956  2796317 (54431098) C PABL_B-int      LTR/ERV1          (1313)   6300   5634    21 *
  618   19.5  4.9  1.8  chrY       2796231  2796821 (54430594) C ERVL47-int      LTR/ERVL           (256)   4990   4373    19
  269   14.4  2.0  1.3  chrY       2796822  2797119 (54430296) + AluSx           SINE/Alu               2    301   (11)    23
  618   19.5  4.9  1.8  chrY       2797122  2797216 (54430199) C ERVL47-int      LTR/ERVL           (874)   4372   4283    19
  227   20.5  6.2  0.0  chrY       2797220  2797507 (54429908) C AluJr           SINE/Alu             (6)    306      1    24
  397   17.7  4.6  1.8  chrY       2797511  2797575 (54429840) + Tigger3         DNA/TcMar-Tigger    2511   2580  (449)    25
  300   13.7  0.0  0.7  chrY       2797576  2797874 (54429541) + AluSg           SINE/Alu               3    299   (11)    26
  397   17.7  4.6  1.8  chrY       2797878  2798308 (54429107) + Tigger3         DNA/TcMar-Tigger    2581   3023    (6)    27
   36    5.2  0.0  0.0  chrY       2798395  2798434 (54428981) + (AC)n           Simple_repeat          1     40    (0)    28
  298   13.3  1.7  0.0  chrY       2798461  2798760 (54428655) + AluSg           SINE/Alu               1    305    (5)    29
  238   19.0 15.1  7.6  chrY       2798852  2799148 (54428267) C MER65C          LTR/ERV1            (15)    446    102    30
  301   13.7  1.4  0.0  chrY       2799152  2799444 (54427971) C AluSz6          SINE/Alu            (12)    300      4    31
  238   19.0 15.1  7.6  chrY       2799446  2799563 (54427852) C MER65C          LTR/ERV1           (360)    101      2    30
  153   31.3 11.7  1.6  chrY       2799565  2799815 (54427600) C MER101-int      LTR/ERV1             (0)   4870   4573    30
  285   13.7  1.3  1.7  chrY       2799819  2800117 (54427298) C AluSq2          SINE/Alu            (12)    301      4    32
  153   31.3 11.7  1.6  chrY       2800118  2800319 (54427096) C MER101-int      LTR/ERV1           (298)   4572   4372    30
  207   26.6 19.4 13.7  chrY       2800333  2800768 (54426647) C MER101-int      LTR/ERV1           (660)   4210   3799    30
  307   12.4  0.3  0.0  chrY       2800769  2801056 (54426359) + AluSp           SINE/Alu               1    289   (24)    33
   30   12.8  0.0  0.0  chrY       2801057  2801109 (54426306) + (AT)n           Simple_repeat          1     53    (0)    34
  303   23.2  8.3  4.5  chrY       2801119  2801758 (54425657) C MER101-int      LTR/ERV1          (2099)   4540   3627    30 *
 3037   10.8  0.8  0.9  chrY       2801749  2805546 (54421869) C L1PA10          LINE/L1              (6)   6162   2373    35
 2529   11.1  1.2  0.7  chrY       2805568  2811745 (54415670) C L1PA6           LINE/L1              (3)   6167      1    36
  651   11.8  2.2  0.1  chrY       2811730  2812510 (54414905) C L1PA10          LINE/L1           (3738)   2593   1790    37 *
  251   21.8  7.1  2.7  chrY       2812508  2812638 (54414777) C MER101-int      LTR/ERV1          (2778)   3861   3714    30 *
  319   11.7  0.3  0.0  chrY       2812644  2812942 (54414473) C AluYm1          SINE/Alu            (11)    300      1    38
  251   21.8  7.1  2.7  chrY       2812943  2812998 (54414417) C MER101-int      LTR/ERV1          (2926)   3713   3649    30
  261   17.6  0.0  0.7  chrY       2812999  2813293 (54414122) + AluSx1          SINE/Alu               1    293   (19)    39
  251   21.8  7.1  2.7  chrY       2813298  2813313 (54414102) C MER101-int      LTR/ERV1          (2991)   3648   3637    30
  300   23.5  2.3  4.4  chrY       2813314  2813753 (54413662) C MSTB1           LTR/ERVL-MaLR        (0)    432      2    40
  251   21.8  7.1  2.7  chrY       2813754  2814013 (54413402) C MER101-int      LTR/ERV1          (3003)   3636   3378    30
  141   23.5  0.5  0.0  chrY       2814074  2814269 (54413146) + AluSg           SINE/Alu             104    300   (10)    41
 1594   15.6  6.6  5.5  chrY       2814308  2815111 (54412304) C L1PA15          LINE/L1              (2)   6163   5321    42
  317   10.5  0.3  4.3  chrY       2815115  2815427 (54411988) C AluSp           SINE/Alu             (9)    304      4    43
 1594   17.5  0.8  5.5  chrY       2815430  2815823 (54411592) C L1PA15          LINE/L1            (826)   5320   4963    42
  309   12.9  0.0  0.0  chrY       2815826  2816120 (54411295) C AluYm1          SINE/Alu            (15)    296      2    44
 1594   17.5  0.8  5.5  chrY       2816121  2817600 (54409815) C L1PA15          LINE/L1           (1184)   4962   3511    42
  317   10.6  0.3  0.0  chrY       2817604  2817906 (54409509) C AluY            SINE/Alu             (7)    304      1    45
 1594   17.5  0.8  5.5  chrY       2817907  2817951 (54409464) C L1PA15          LINE/L1           (2636)   3510   3484    42
  287   12.8  0.3  3.7  chrY       2818275  2818580 (54408835) + AluSc           SINE/Alu               1    296   (13)    46
   51   27.0 12.6  5.2  chrY       2818749  2818795 (54408620) C MER101-int      LTR/ERV1          (1499)   3371   3313    30
  213   20.5  0.3  1.8  chrY       2818800  2819082 (54408333) + AluSg           SINE/Alu               9    287   (23)    47
   51   27.0 12.6  5.2  chrY       2819087  2819237 (54408178) C MER101-int      LTR/ERV1          (1558)   3312   3160    30
   20   34.7  1.5  9.4  chrY       2819236  2819372 (54408043) C MER101-int      LTR/ERV1          (4734)    136     10    30 *
  227   18.1  2.9 11.8  chrY       2819379  2819728 (54407687) C MER65C          LTR/ERV1             (0)    461    140    30
  324    9.9  1.0  0.0  chrY       2819737  2820019 (54407396) + AluSp           SINE/Alu               1    286   (27)    48
   28    3.3  0.0  0.0  chrY       2820020  2820050 (54407365) + (AAAT)n         Simple_repeat          1     31    (0)    49
   23   20.0  0.0  0.0  chrY       2820078  2820122 (54407293) C MER65C          LTR/ERV1           (416)     45      1    30
   93   15.4  0.0  0.0  chrY       2820151  2820280 (54407135) C L1MA3           LINE/L1              (8)   6297   6168    50
  540   18.5  5.7  5.2  chrY       2820291  2820544 (54406871) C L1MA3           LINE/L1            (290)   6015   5778    50
   44    0.0  0.0  0.0  chrY       2820545  2820582 (54406833) + (AT)n           Simple_repeat          1     38    (0)    51
  308   10.5  5.4  0.7  chrY       2820588  2820882 (54406533) C AluSx3          SINE/Alu             (2)    309      1    52
  788   17.0  4.8  5.8  chrY       2820883  2821487 (54405928) C L1MA3           LINE/L1            (532)   5773   5159    50
  322   12.1  0.3  0.0  chrY       2821491  2821796 (54405619) C AluSp           SINE/Alu             (6)    307      1    53
  788   14.7  3.4  6.6  chrY       2821797  2822583 (54404832) C L1MA3           LINE/L1            (988)   5158   4411    50
  314   13.5  0.3  0.7  chrY       2822586  2822888 (54404527) C AluSg           SINE/Alu             (8)    302      1    54
  103   21.0  2.9  1.7  chrY       2822919  2823112 (54404303) + L1MA8           LINE/L1             5962   6173  (130)    55
   42   17.7  0.0  0.0  chrY       2823085  2823163 (54404252) + L1M1            LINE/L1             3750   3828 (2318)    56 *
  125   28.4  2.5  1.3  chrY       2823157  2823391 (54404024) + MLT1D           LTR/ERVL-MaLR        263    500    (5)    57
   20    3.1  6.1  0.0  chrY       2823584  2823617 (54403798) + (GTTTT)n        Simple_repeat          1     36    (0)    58
  280   13.4  4.8  0.3  chrY       2823622  2823911 (54403504) C AluSx           SINE/Alu             (7)    305      3    59
  305   24.2  5.0  3.8  chrY       2824529  2825043 (54402372) + LTR64           LTR/ERV1               6    526    (2)    60
  298    9.6  1.1  0.0  chrY       2825173  2825454 (54401961) + AluSp           SINE/Alu              22    306    (7)    61
   29   34.3 10.2  1.0  chrY       2825626  2825802 (54401613) + L1M5            LINE/L1             5606   5798  (326)    62
   24   12.6  0.0  0.0  chrY       2826385  2826420 (54400995) + (CA)n           Simple_repeat          1     36    (0)    63
   48   15.6  0.0  0.0  chrY       2826554  2826617 (54400798) C AluYh3          SINE/Alu            (20)    291    228    64
   71   39.1 15.6  9.2  chrY       2826675  2826715 (54400700) C LTR68           LTR/ERV1           (304)    436    160    65
   79   37.2  8.0  9.9  chrY       2826716  2827064 (54400351) + LTR40A1         LTR/ERVL             170    512   (72)    66
   71   39.1 15.6  9.2  chrY       2827065  2827085 (54400330) C LTR68           LTR/ERV1           (304)    159      2    65
   23   32.9 36.0  0.0  chrY       2827094  2827198 (54400217) + HAL1            LINE/L1             1934   2084  (423)    67
   33    9.3  0.0  0.0  chrY       2827199  2827244 (54400171) + (AC)n           Simple_repeat          1     46    (0)    68
   23   32.9 36.0  0.0  chrY       2827245  2827302 (54400113) + HAL1            LINE/L1             2085   2155  (352)    67
